A.M@Nitya-Dhyan MINGW64 ~
$ mkdir Labs-Ironhack-2022

A.M@Nitya-Dhyan MINGW64 ~
$ cd Labs-Ironhack-2022

A.M@Nitya-Dhyan MINGW64 ~/Labs-Ironhack-2022
$ git clone https://github.com/ASHA-M/lab-bash.git
Cloning into 'lab-bash'...
remote: Enumerating objects: 40, done.
remote: Counting objects: 100% (23/23), done.
remote: Compressing objects: 100% (13/13), done.
remote: Total 40 (delta 14), reused 10 (delta 10), pack-reused 17
Receiving objects: 100% (40/40), 11.61 KiB | 1.93 MiB/s, done.
Resolving deltas: 100% (14/14), done.

A.M@Nitya-Dhyan MINGW64 ~/Labs-Ironhack-2022
$ ls
lab-bash/

A.M@Nitya-Dhyan MINGW64 ~/Labs-Ironhack-2022
$ cd lab-bash

A.M@Nitya-Dhyan MINGW64 ~/Labs-Ironhack-2022/lab-bash (master)
$ ls
exercices/  inputs/  lorem/  lorem-copy/  outputs/  readme.md

A.M@Nitya-Dhyan MINGW64 ~/Labs-Ironhack-2022/lab-bash (master)
$ echo Hello World
Hello World

A.M@Nitya-Dhyan MINGW64 ~/Labs-Ironhack-2022/lab-bash (master)
$ new_dir
bash: new_dir: command not found

A.M@Nitya-Dhyan MINGW64 ~/Labs-Ironhack-2022/lab-bash (master)
$ ls
exercices/  inputs/  lorem/  lorem-copy/  outputs/  readme.md

A.M@Nitya-Dhyan MINGW64 ~/Labs-Ironhack-2022/lab-bash (master)
$ mkdir
mkdir: missing operand
Try 'mkdir --help' for more information.

A.M@Nitya-Dhyan MINGW64 ~/Labs-Ironhack-2022/lab-bash (master)
$ ls
exercices/  inputs/  lorem/  lorem-copy/  outputs/  readme.md

A.M@Nitya-Dhyan MINGW64 ~/Labs-Ironhack-2022/lab-bash (master)
$ mkdir new_dir

A.M@Nitya-Dhyan MINGW64 ~/Labs-Ironhack-2022/lab-bash (master)
$ git rm new_dir
fatal: pathspec 'new_dir' did not match any files

A.M@Nitya-Dhyan MINGW64 ~/Labs-Ironhack-2022/lab-bash (master)
$ ls
exercices/  inputs/  lorem/  lorem-copy/  new_dir/  outputs/  readme.md

A.M@Nitya-Dhyan MINGW64 ~/Labs-Ironhack-2022/lab-bash (master)
$ cd new_dir

A.M@Nitya-Dhyan MINGW64 ~/Labs-Ironhack-2022/lab-bash/new_dir (master)
$ rm new_dir
rm: cannot remove 'new_dir': No such file or directory

A.M@Nitya-Dhyan MINGW64 ~/Labs-Ironhack-2022/lab-bash/new_dir (master)
$ ls

A.M@Nitya-Dhyan MINGW64 ~/Labs-Ironhack-2022/lab-bash/new_dir (master)
$ rm dir new_dir
rm: cannot remove 'dir': No such file or directory
rm: cannot remove 'new_dir': No such file or directory

A.M@Nitya-Dhyan MINGW64 ~/Labs-Ironhack-2022/lab-bash/new_dir (master)
$ cd lab-bash
bash: cd: lab-bash: No such file or directory

A.M@Nitya-Dhyan MINGW64 ~/Labs-Ironhack-2022/lab-bash/new_dir (master)
$ ls

A.M@Nitya-Dhyan MINGW64 ~/Labs-Ironhack-2022/lab-bash/new_dir (master)
$ cd..
bash: cd..: command not found

A.M@Nitya-Dhyan MINGW64 ~/Labs-Ironhack-2022/lab-bash/new_dir (master)
$ cd-
bash: cd-: command not found

A.M@Nitya-Dhyan MINGW64 ~/Labs-Ironhack-2022/lab-bash/new_dir (master)
$ cd..
bash: cd..: command not found

A.M@Nitya-Dhyan MINGW64 ~/Labs-Ironhack-2022/lab-bash/new_dir (master)
$ cd.. lab-bash
bash: cd..: command not found

A.M@Nitya-Dhyan MINGW64 ~/Labs-Ironhack-2022/lab-bash/new_dir (master)
$ cd ..

A.M@Nitya-Dhyan MINGW64 ~/Labs-Ironhack-2022/lab-bash (master)
$ rm dir new_dir
rm: cannot remove 'dir': No such file or directory
rm: cannot remove 'new_dir': Is a directory

A.M@Nitya-Dhyan MINGW64 ~/Labs-Ironhack-2022/lab-bash (master)
$ rmdir new_dir

A.M@Nitya-Dhyan MINGW64 ~/Labs-Ironhack-2022/lab-bash (master)
$ ls
exercices/  inputs/  lorem/  lorem-copy/  outputs/  readme.md

A.M@Nitya-Dhyan MINGW64 ~/Labs-Ironhack-2022/lab-bash (master)
$ cp -r sed.txt lorem-copy
cp: cannot stat 'sed.txt': No such file or directory

A.M@Nitya-Dhyan MINGW64 ~/Labs-Ironhack-2022/lab-bash (master)
$ cd lorem

A.M@Nitya-Dhyan MINGW64 ~/Labs-Ironhack-2022/lab-bash/lorem (master)
$ touch sed.txt

A.M@Nitya-Dhyan MINGW64 ~/Labs-Ironhack-2022/lab-bash/lorem (master)
$ cp -R ^C

A.M@Nitya-Dhyan MINGW64 ~/Labs-Ironhack-2022/lab-bash/lorem (master)
$ ls
at.txt  at.txte  lorem.txt  sed.txt

A.M@Nitya-Dhyan MINGW64 ~/Labs-Ironhack-2022/lab-bash/lorem (master)
$ cp sed.txt copied.txt

A.M@Nitya-Dhyan MINGW64 ~/Labs-Ironhack-2022/lab-bash/lorem (master)
$ ls
at.txt  at.txte  copied.txt  lorem.txt  sed.txt

A.M@Nitya-Dhyan MINGW64 ~/Labs-Ironhack-2022/lab-bash/lorem (master)
$ ^C

A.M@Nitya-Dhyan MINGW64 ~/Labs-Ironhack-2022/lab-bash/lorem (master)
$ mkdir copied-files

A.M@Nitya-Dhyan MINGW64 ~/Labs-Ironhack-2022/lab-bash/lorem (master)
$ ls
at.txt  at.txte  copied-files/  copied.txt  lorem.txt  sed.txt

A.M@Nitya-Dhyan MINGW64 ~/Labs-Ironhack-2022/lab-bash/lorem (master)
$ cd ..

A.M@Nitya-Dhyan MINGW64 ~/Labs-Ironhack-2022/lab-bash (master)
$ ls
exercices/  inputs/  lorem/  lorem-copy/  outputs/  readme.md

A.M@Nitya-Dhyan MINGW64 ~/Labs-Ironhack-2022/lab-bash (master)
$ cd lorem

A.M@Nitya-Dhyan MINGW64 ~/Labs-Ironhack-2022/lab-bash/lorem (master)
$ ls
at.txt  at.txte  copied-files/  copied.txt  lorem.txt  sed.txt

A.M@Nitya-Dhyan MINGW64 ~/Labs-Ironhack-2022/lab-bash/lorem (master)
$ mv copied.txt
mv: missing destination file operand after 'copied.txt'
Try 'mv --help' for more information.

A.M@Nitya-Dhyan MINGW64 ~/Labs-Ironhack-2022/lab-bash/lorem (master)
$ ls
at.txt  at.txte  copied-files/  copied.txt  lorem.txt  sed.txt

A.M@Nitya-Dhyan MINGW64 ~/Labs-Ironhack-2022/lab-bash/lorem (master)
$ cp copied-files/lorem-copy
cp: missing destination file operand after 'copied-files/lorem-copy'
Try 'cp --help' for more information.

A.M@Nitya-Dhyan MINGW64 ~/Labs-Ironhack-2022/lab-bash/lorem (master)
$ cp sed.txt ../lorem-copy

A.M@Nitya-Dhyan MINGW64 ~/Labs-Ironhack-2022/lab-bash/lorem (master)
$ cd lorem-copy
bash: cd: lorem-copy: No such file or directory

A.M@Nitya-Dhyan MINGW64 ~/Labs-Ironhack-2022/lab-bash/lorem (master)
$ cd lorem-copy
bash: cd: lorem-copy: No such file or directory

A.M@Nitya-Dhyan MINGW64 ~/Labs-Ironhack-2022/lab-bash/lorem (master)
$ ls
at.txt  at.txte  copied-files/  copied.txt  lorem.txt  sed.txt

A.M@Nitya-Dhyan MINGW64 ~/Labs-Ironhack-2022/lab-bash/lorem (master)
$ ls
at.txt  at.txte  copied-files/  copied.txt  lorem.txt  sed.txt

A.M@Nitya-Dhyan MINGW64 ~/Labs-Ironhack-2022/lab-bash/lorem (master)
$ cd ..

A.M@Nitya-Dhyan MINGW64 ~/Labs-Ironhack-2022/lab-bash (master)
$ ls
exercices/  inputs/  lorem/  lorem-copy/  outputs/  readme.md
A.M@Nitya-Dhyan MINGW64 ~/Labs-Ironhack-2022/lab-bash/lorem-copy (master)
$ sed -i 's/et/ET/g' sed.txt

A.M@Nitya-Dhyan MINGW64 ~/Labs-Ironhack-2022/lab-bash/lorem-copy (master)
$ more sed.txt
bash: more: command not found

A.M@Nitya-Dhyan MINGW64 ~/Labs-Ironhack-2022/lab-bash/lorem-copy (master)
$ cat sed.txt
Sed ut perspiciatis unde omnis iste natus error sit voluptatem accusantium doloremque laudantium,
totam rem aperiam, eaque ipsa quae ab illo inventore veritatis ET quasi architecto beatae vitae dicta sunt explicabo.
Nemo enim ipsam voluptatem quia voluptas sit aspernatur aut odit aut fugit,
sed quia consequuntur magni dolores eos qui ratione voluptatem sequi nesciunt.
Neque porro quisquam est, qui dolorem ipsum quia dolor sit amET, consectETur, adipisci velit,
sed quia non numquam eius modi tempora incidunt ut labore ET dolore magnam aliquam quaerat voluptatem.
Ut enim ad minima veniam, quis nostrum exercitationem ullam corporis suscipit laboriosam,
nisi ut aliquid ex ea commodi consequatur? Quis autem vel eum iure reprehenderit qui in ea voluptate velit esse quam nihil molestiae consequatur,
vel illum qui dolorem eum fugiat quo voluptas nulla pariatur?Homo homini lupus Homo homini lupus

A.M@Nitya-Dhyan MINGW64 ~/Labs-Ironhack-2022/lab-bash/lorem-copy (master)
$ sed -i 's/et/ET/g' at.txt

A.M@Nitya-Dhyan MINGW64 ~/Labs-Ironhack-2022/lab-bash/lorem-copy (master)
$ cat at.txt
At vero eos ET accusamus ET iusto odio dignissimos ducimus qui blanditiis praesentium voluptatum
deleniti atque corrupti quos dolores ET quas molestias excepturi sint occaecati cupiditate non
provident, similique sunt in culpa qui officia deserunt mollitia animi, id est laborum ET dolorum fuga.
Et harum quidem rerum facilis est ET expedita distinctio.
Nam libero tempore, cum soluta nobis est eligendi optio cumque nihil impedit quo minus id quod
maxime placeat facere possimus, omnis voluptas assumenda est, omnis dolor repellendus.
Temporibus autem quibusdam ET aut officiis debitis aut rerum necessitatibus saepe eveniET
ut ET voluptates repudiandae sint ET molestiae non recusandae.
Itaque earum rerum hic tenETur a sapiente delectus, ut aut reiciendis voluptatibus maiores
alias consequatur aut perferendis doloribus asperiores repellat

A.M@Nitya-Dhyan MINGW64 ~/Labs-Ironhack-2022/lab-bash/lorem-copy (master)
$ config --global --get user.name
bash: config: command not found

A.M@Nitya-Dhyan MINGW64 ~/Labs-Ironhack-2022/lab-bash/lorem-copy (master)
$ --local user
bash: --local: command not found

A.M@Nitya-Dhyan MINGW64 ~/Labs-Ironhack-2022/lab-bash/lorem-copy (master)
$ git config user.name
ASHA-M

A.M@Nitya-Dhyan MINGW64 ~/Labs-Ironhack-2022/lab-bash/lorem-copy (master)
$ cp
cp: missing file operand
Try 'cp --help' for more information.

A.M@Nitya-Dhyan MINGW64 ~/Labs-Ironhack-2022/lab-bash/lorem-copy (master)
$ pwd
/c/Users/A.M/Labs-Ironhack-2022/lab-bash/lorem-copy

A.M@Nitya-Dhyan MINGW64 ~/Labs-Ironhack-2022/lab-bash/lorem-copy (master)
$ git ls-files '*.txt'
dummy_file.txt

A.M@Nitya-Dhyan MINGW64 ~/Labs-Ironhack-2022/lab-bash/lorem-copy (master)
$ cd ..

A.M@Nitya-Dhyan MINGW64 ~/Labs-Ironhack-2022/lab-bash (master)
$ cd lorem

A.M@Nitya-Dhyan MINGW64 ~/Labs-Ironhack-2022/lab-bash/lorem (master)
$ ls-files '*.txt'
bash: ls-files: command not found

A.M@Nitya-Dhyan MINGW64 ~/Labs-Ironhack-2022/lab-bash/lorem (master)
$ git ls-files '*.txt'
at.txt
lorem.txt
sed.txt

A.M@Nitya-Dhyan MINGW64 ~/Labs-Ironhack-2022/lab-bash/lorem (master)
$ wc -1 sed.txt
wc: unknown option -- 1
Try 'wc --help' for more information.

A.M@Nitya-Dhyan MINGW64 ~/Labs-Ironhack-2022/lab-bash/lorem (master)
$ wc sed.txt
  9 131 900 sed.txt

A.M@Nitya-Dhyan MINGW64 ~/Labs-Ironhack-2022/lab-bash/lorem (master)
$ wc -l sed.txt
9 sed.txt

A.M@Nitya-Dhyan MINGW64 ~/Labs-Ironhack-2022/lab-bash/lorem (master)
$
